// Jest Snapshot v1, https://goo.gl/fbAQLP

exports[`AddProductButton renders correctly 1`] = `
<div>
  <button
    className="MuiButtonBase-root MuiButton-root MuiButton-text MuiButton-colorInherit MuiButton-textSizeLarge MuiButton-sizeLarge"
    disabled={false}
    onBlur={[Function]}
    onClick={[Function]}
    onDragLeave={[Function]}
    onFocus={[Function]}
    onKeyDown={[Function]}
    onKeyUp={[Function]}
    onMouseDown={[Function]}
    onMouseLeave={[Function]}
    onMouseUp={[Function]}
    onTouchEnd={[Function]}
    onTouchMove={[Function]}
    onTouchStart={[Function]}
    tabIndex={0}
    type="button"
  >
    <span
      className="MuiButton-label"
    >
      Add Product
    </span>
  </button>
</div>
`;
