// Jest Snapshot v1, https://goo.gl/fbAQLP

exports[`ProductsList renders correctly 1`] = `
<div
  className="MuiGrid-root MuiGrid-container MuiGrid-spacing-xs-1"
  style={
    Object {
      "padding": 10,
    }
  }
>
  <div
    className="MuiGrid-root MuiGrid-item MuiGrid-grid-xs-12 MuiGrid-grid-sm-6 MuiGrid-grid-lg-4 MuiGrid-grid-xl-3"
  >
    <div>
      <div>
        <div
          className="MuiPaper-root MuiCard-root MuiPaper-elevation1 MuiPaper-rounded"
        >
          <img
            alt="Image for Coca-Cola Not Found"
            className="MuiCardMedia-root MuiCardMedia-media MuiCardMedia-img"
            height="250"
            src="../../images/undefined/1.jpg"
            style={
              Object {
                "height": 400,
              }
            }
            title="Coca-Cola"
          />
          <div
            className="MuiCardContent-root"
          >
            <h2
              className="MuiTypography-root MuiTypography-gutterBottom"
            >
              Coca-Cola
               
              <span
                style={
                  Object {
                    "color": "green",
                    "float": "right",
                  }
                }
              >
                2.5
                €
              </span>
            </h2>
            <h6
              className="MuiTypography-root MuiTypography-body1"
            />
          </div>
          <div
            className="MuiCardActions-root MuiCardActions-spacing"
          >
            <div
              className="MuiGrid-root MuiGrid-container MuiGrid-align-items-xs-flex-start MuiGrid-justify-xs-flex-end"
            >
              <div
                style={
                  Object {
                    "alignItems": "right",
                    "display": "flex",
                  }
                }
              >
                <button
                  className="MuiButtonBase-root MuiButton-root MuiButton-text MuiButton-textPrimary MuiButton-textSizeLarge MuiButton-sizeLarge"
                  disabled={false}
                  onBlur={[Function]}
                  onClick={[Function]}
                  onDragLeave={[Function]}
                  onFocus={[Function]}
                  onKeyDown={[Function]}
                  onKeyUp={[Function]}
                  onMouseDown={[Function]}
                  onMouseLeave={[Function]}
                  onMouseUp={[Function]}
                  onTouchEnd={[Function]}
                  onTouchMove={[Function]}
                  onTouchStart={[Function]}
                  tabIndex={0}
                  target="_blank"
                  type="button"
                >
                  <span
                    className="MuiButton-label"
                  >
                    <span
                      style={
                        Object {
                          "fontWeight": "bold",
                        }
                      }
                    >
                      Edit
                    </span>
                  </span>
                </button>
                <button
                  className="MuiButtonBase-root MuiButton-root MuiButton-text MuiButton-textPrimary MuiButton-textSizeLarge MuiButton-sizeLarge"
                  disabled={false}
                  onBlur={[Function]}
                  onClick={[Function]}
                  onDragLeave={[Function]}
                  onFocus={[Function]}
                  onKeyDown={[Function]}
                  onKeyUp={[Function]}
                  onMouseDown={[Function]}
                  onMouseLeave={[Function]}
                  onMouseUp={[Function]}
                  onTouchEnd={[Function]}
                  onTouchMove={[Function]}
                  onTouchStart={[Function]}
                  tabIndex={0}
                  target="_blank"
                  type="button"
                >
                  <span
                    className="MuiButton-label"
                  >
                    <span
                      style={
                        Object {
                          "fontWeight": "bold",
                        }
                      }
                    >
                      Delete
                    </span>
                  </span>
                </button>
              </div>
            </div>
          </div>
        </div>
      </div>
    </div>
  </div>
  <div
    className="MuiGrid-root MuiGrid-item MuiGrid-grid-xs-12 MuiGrid-grid-sm-6 MuiGrid-grid-lg-4 MuiGrid-grid-xl-3"
  >
    <div>
      <div>
        <div
          className="MuiPaper-root MuiCard-root MuiPaper-elevation1 MuiPaper-rounded"
        >
          <img
            alt="Image for Pepsi Not Found"
            className="MuiCardMedia-root MuiCardMedia-media MuiCardMedia-img"
            height="250"
            src="../../images/undefined/2.jpg"
            style={
              Object {
                "height": 400,
              }
            }
            title="Pepsi"
          />
          <div
            className="MuiCardContent-root"
          >
            <h2
              className="MuiTypography-root MuiTypography-gutterBottom"
            >
              Pepsi
               
              <span
                style={
                  Object {
                    "color": "green",
                    "float": "right",
                  }
                }
              >
                2
                €
              </span>
            </h2>
            <h6
              className="MuiTypography-root MuiTypography-body1"
            />
          </div>
          <div
            className="MuiCardActions-root MuiCardActions-spacing"
          >
            <div
              className="MuiGrid-root MuiGrid-container MuiGrid-align-items-xs-flex-start MuiGrid-justify-xs-flex-end"
            >
              <div
                style={
                  Object {
                    "alignItems": "right",
                    "display": "flex",
                  }
                }
              >
                <button
                  className="MuiButtonBase-root MuiButton-root MuiButton-text MuiButton-textPrimary MuiButton-textSizeLarge MuiButton-sizeLarge"
                  disabled={false}
                  onBlur={[Function]}
                  onClick={[Function]}
                  onDragLeave={[Function]}
                  onFocus={[Function]}
                  onKeyDown={[Function]}
                  onKeyUp={[Function]}
                  onMouseDown={[Function]}
                  onMouseLeave={[Function]}
                  onMouseUp={[Function]}
                  onTouchEnd={[Function]}
                  onTouchMove={[Function]}
                  onTouchStart={[Function]}
                  tabIndex={0}
                  target="_blank"
                  type="button"
                >
                  <span
                    className="MuiButton-label"
                  >
                    <span
                      style={
                        Object {
                          "fontWeight": "bold",
                        }
                      }
                    >
                      Edit
                    </span>
                  </span>
                </button>
                <button
                  className="MuiButtonBase-root MuiButton-root MuiButton-text MuiButton-textPrimary MuiButton-textSizeLarge MuiButton-sizeLarge"
                  disabled={false}
                  onBlur={[Function]}
                  onClick={[Function]}
                  onDragLeave={[Function]}
                  onFocus={[Function]}
                  onKeyDown={[Function]}
                  onKeyUp={[Function]}
                  onMouseDown={[Function]}
                  onMouseLeave={[Function]}
                  onMouseUp={[Function]}
                  onTouchEnd={[Function]}
                  onTouchMove={[Function]}
                  onTouchStart={[Function]}
                  tabIndex={0}
                  target="_blank"
                  type="button"
                >
                  <span
                    className="MuiButton-label"
                  >
                    <span
                      style={
                        Object {
                          "fontWeight": "bold",
                        }
                      }
                    >
                      Delete
                    </span>
                  </span>
                </button>
              </div>
            </div>
          </div>
        </div>
      </div>
    </div>
  </div>
</div>
`;
