// Jest Snapshot v1, https://goo.gl/fbAQLP

exports[`CategoryList renders correctly 1`] = `
<div
  className="MuiGrid-root MuiGrid-container MuiGrid-spacing-xs-2"
  style={
    Object {
      "padding": 15,
    }
  }
>
  <div
    className="MuiGrid-root MuiGrid-item MuiGrid-grid-xs-12 MuiGrid-grid-sm-6 MuiGrid-grid-lg-4 MuiGrid-grid-xl-3"
  >
    <div>
      <div>
        <div
          className="MuiPaper-root MuiCard-root MuiPaper-elevation1 MuiPaper-rounded"
        >
          <img
            alt="Image for Pizza Not Found"
            className="MuiCardMedia-root MuiCardMedia-media MuiCardMedia-img"
            height="250"
            style={
              Object {
                "height": 400,
              }
            }
            title="Pizza"
          />
          <div
            className="MuiCardContent-root"
          >
            <h2
              className="MuiTypography-root MuiTypography-gutterBottom"
            >
              Pizza
            </h2>
          </div>
          <div
            className="MuiCardActions-root MuiCardActions-spacing"
          >
            <div
              className="MuiGrid-root MuiGrid-container MuiGrid-align-items-xs-flex-start MuiGrid-justify-xs-flex-end"
            >
              <div
                style={
                  Object {
                    "alignItems": "right",
                    "display": "flex",
                  }
                }
              >
                <div>
                  <button
                    className="MuiButtonBase-root MuiIconButton-root MuiIconButton-colorPrimary"
                    disabled={false}
                    onBlur={[Function]}
                    onClick={[Function]}
                    onDragLeave={[Function]}
                    onFocus={[Function]}
                    onKeyDown={[Function]}
                    onKeyUp={[Function]}
                    onMouseDown={[Function]}
                    onMouseLeave={[Function]}
                    onMouseUp={[Function]}
                    onTouchEnd={[Function]}
                    onTouchMove={[Function]}
                    onTouchStart={[Function]}
                    tabIndex={0}
                    type="button"
                  >
                    <span
                      className="MuiIconButton-label"
                    >
                      <svg
                        aria-hidden={true}
                        className="MuiSvgIcon-root"
                        focusable="false"
                        viewBox="0 0 24 24"
                      >
                        <path
                          d="M3 17.25V21h3.75L17.81 9.94l-3.75-3.75L3 17.25zM20.71 7.04c.39-.39.39-1.02 0-1.41l-2.34-2.34a.9959.9959 0 00-1.41 0l-1.83 1.83 3.75 3.75 1.83-1.83z"
                        />
                      </svg>
                    </span>
                  </button>
                </div>
                <div>
                  <button
                    className="MuiButtonBase-root MuiIconButton-root MuiIconButton-colorPrimary"
                    disabled={false}
                    onBlur={[Function]}
                    onClick={[Function]}
                    onDragLeave={[Function]}
                    onFocus={[Function]}
                    onKeyDown={[Function]}
                    onKeyUp={[Function]}
                    onMouseDown={[Function]}
                    onMouseLeave={[Function]}
                    onMouseUp={[Function]}
                    onTouchEnd={[Function]}
                    onTouchMove={[Function]}
                    onTouchStart={[Function]}
                    tabIndex={0}
                    type="button"
                  >
                    <span
                      className="MuiIconButton-label"
                    >
                      <svg
                        aria-hidden={true}
                        className="MuiSvgIcon-root"
                        focusable="false"
                        viewBox="0 0 24 24"
                      >
                        <path
                          d="M19 13H5v-2h14v2z"
                        />
                      </svg>
                    </span>
                  </button>
                </div>
              </div>
            </div>
          </div>
        </div>
      </div>
    </div>
  </div>
</div>
`;
