// Jest Snapshot v1, https://goo.gl/fbAQLP

exports[`Menu renders correctly 1`] = `
<div>
  <div>
    <header
      className="MuiPaper-root MuiAppBar-root MuiAppBar-positionStatic MuiAppBar-colorPrimary MuiPaper-elevation4"
    >
      <div
        className="MuiToolbar-root MuiToolbar-regular MuiToolbar-gutters"
      >
        <h6
          className="MuiTypography-root MuiTypography-h6 MuiTypography-colorInherit"
          text-align="center"
        >
          Restaurant
        </h6>
        <div
          className="MuiContainer-root MuiContainer-disableGutters MuiContainer-maxWidthLg"
        >
          <div
            style={
              Object {
                "float": "right",
              }
            }
          >
            <div
              aria-label="text primary button group"
              className="MuiButtonGroup-root"
              role="group"
            >
              <button
                className="MuiButtonBase-root MuiButton-root MuiButton-text MuiButtonGroup-grouped MuiButtonGroup-groupedHorizontal MuiButtonGroup-groupedText MuiButtonGroup-groupedTextHorizontal MuiButton-colorInherit MuiButton-textSizeLarge MuiButton-sizeLarge"
                disabled={false}
                onBlur={[Function]}
                onClick={[Function]}
                onDragLeave={[Function]}
                onFocus={[Function]}
                onKeyDown={[Function]}
                onKeyUp={[Function]}
                onMouseDown={[Function]}
                onMouseLeave={[Function]}
                onMouseUp={[Function]}
                onTouchEnd={[Function]}
                onTouchMove={[Function]}
                onTouchStart={[Function]}
                tabIndex={0}
                type="button"
              >
                <span
                  className="MuiButton-label"
                >
                  Menu
                </span>
              </button>
              <button
                className="MuiButtonBase-root MuiButton-root MuiButton-text MuiButtonGroup-grouped MuiButtonGroup-groupedHorizontal MuiButtonGroup-groupedText MuiButtonGroup-groupedTextHorizontal MuiButton-colorInherit MuiButton-textSizeLarge MuiButton-sizeLarge"
                disabled={false}
                onBlur={[Function]}
                onClick={[Function]}
                onDragLeave={[Function]}
                onFocus={[Function]}
                onKeyDown={[Function]}
                onKeyUp={[Function]}
                onMouseDown={[Function]}
                onMouseLeave={[Function]}
                onMouseUp={[Function]}
                onTouchEnd={[Function]}
                onTouchMove={[Function]}
                onTouchStart={[Function]}
                tabIndex={0}
                type="button"
              >
                <span
                  className="MuiButton-label"
                >
                  <span
                    className="MuiButton-startIcon MuiButton-iconSizeLarge"
                  >
                    <svg
                      aria-hidden={true}
                      className="MuiSvgIcon-root"
                      focusable="false"
                      viewBox="0 0 24 24"
                    >
                      <circle
                        cx="12"
                        cy="12"
                        r="3.2"
                      />
                      <path
                        d="M9 2L7.17 4H4c-1.1 0-2 .9-2 2v12c0 1.1.9 2 2 2h16c1.1 0 2-.9 2-2V6c0-1.1-.9-2-2-2h-3.17L15 2H9zm3 15c-2.76 0-5-2.24-5-5s2.24-5 5-5 5 2.24 5 5-2.24 5-5 5z"
                      />
                    </svg>
                  </span>
                  Scan QR
                </span>
              </button>
            </div>
          </div>
        </div>
      </div>
    </header>
  </div>
  <div>
    <header
      className="MuiPaper-root MuiAppBar-root MuiAppBar-positionStatic MuiAppBar-colorTransparent MuiPaper-elevation4"
    >
      <div
        className="MuiContainer-root MuiContainer-disableGutters MuiContainer-maxWidthLg"
      >
        <div
          aria-label="text primary button group"
          className="MuiButtonGroup-root MuiButtonGroup-fullWidth"
          role="group"
        >
          <button
            className="MuiButtonBase-root MuiButton-root MuiButton-text MuiButtonGroup-grouped MuiButtonGroup-groupedHorizontal MuiButtonGroup-groupedText MuiButtonGroup-groupedTextHorizontal MuiButtonGroup-groupedTextPrimary MuiButton-textPrimary MuiButton-textSizeLarge MuiButton-sizeLarge MuiButton-fullWidth"
            disabled={false}
            onBlur={[Function]}
            onClick={[Function]}
            onDragLeave={[Function]}
            onFocus={[Function]}
            onKeyDown={[Function]}
            onKeyUp={[Function]}
            onMouseDown={[Function]}
            onMouseLeave={[Function]}
            onMouseUp={[Function]}
            onTouchEnd={[Function]}
            onTouchMove={[Function]}
            onTouchStart={[Function]}
            tabIndex={0}
            type="button"
          >
            <span
              className="MuiButton-label"
            >
              Food
            </span>
          </button>
          <button
            className="MuiButtonBase-root MuiButton-root MuiButton-text MuiButtonGroup-grouped MuiButtonGroup-groupedHorizontal MuiButtonGroup-groupedText MuiButtonGroup-groupedTextHorizontal MuiButtonGroup-groupedTextPrimary MuiButton-textPrimary MuiButton-textSizeLarge MuiButton-sizeLarge MuiButton-fullWidth"
            disabled={false}
            onBlur={[Function]}
            onClick={[Function]}
            onDragLeave={[Function]}
            onFocus={[Function]}
            onKeyDown={[Function]}
            onKeyUp={[Function]}
            onMouseDown={[Function]}
            onMouseLeave={[Function]}
            onMouseUp={[Function]}
            onTouchEnd={[Function]}
            onTouchMove={[Function]}
            onTouchStart={[Function]}
            tabIndex={0}
            type="button"
          >
            <span
              className="MuiButton-label"
            >
              Drinks
            </span>
          </button>
        </div>
      </div>
    </header>
  </div>
  <div
    className="MuiGrid-root MuiGrid-container"
    style={
      Object {
        "padding": 15,
      }
    }
  >
    <div
      className="MuiGrid-root MuiGrid-container"
      style={
        Object {
          "padding": 12,
        }
      }
    >
      <h6
        className="MuiTypography-root MuiTypography-subtitle2 MuiTypography-displayBlock"
      >
        Choose between Foods, Drinks and Most Liked to see our products
      </h6>
    </div>
  </div>
</div>
`;
