// Jest Snapshot v1, https://goo.gl/fbAQLP

exports[`NotFoundPage renders correctly 1`] = `
<div
  style={
    Object {
      "padding": "3em",
    }
  }
>
  <h3>
    Oh Sorry,
  </h3>
  <br />
  <h3>
    It seems that this page does not exist
  </h3>
</div>
`;
