// Jest Snapshot v1, https://goo.gl/fbAQLP

exports[`PayForOrders render correctly 1`] = `
<div
  className="MuiGrid-root MuiGrid-container MuiGrid-justify-xs-center"
>
  <header
    className="MuiPaper-root MuiAppBar-root MuiAppBar-positionStatic MuiAppBar-colorTransparent MuiPaper-elevation0"
    style={
      Object {
        "paddingLeft": 15,
        "paddingRight": 20,
      }
    }
  >
    <div
      className="MuiToolbar-root MuiToolbar-regular"
    >
      <button
        className="MuiButtonBase-root MuiButton-root MuiButton-contained MuiButton-containedPrimary MuiButton-containedSizeLarge MuiButton-sizeLarge MuiButton-disableElevation"
        disabled={false}
        onBlur={[Function]}
        onClick={[Function]}
        onDragLeave={[Function]}
        onFocus={[Function]}
        onKeyDown={[Function]}
        onKeyUp={[Function]}
        onMouseDown={[Function]}
        onMouseLeave={[Function]}
        onMouseUp={[Function]}
        onTouchEnd={[Function]}
        onTouchMove={[Function]}
        onTouchStart={[Function]}
        style={
          Object {
            "borderRadius": 50,
            "float": "left",
            "minHeight": "40px",
            "minWidth": "200px",
          }
        }
        tabIndex={0}
        type="button"
      >
        <span
          className="MuiButton-label"
        >
          Pay for Orders
        </span>
      </button>
      <div
        className="MuiContainer-root MuiContainer-disableGutters MuiContainer-maxWidthLg"
      >
        <h3
          style={
            Object {
              "float": "right",
            }
          }
        >
          Total:  
          <span
            style={
              Object {
                "color": "green",
              }
            }
          >
            6.00
            â‚¬
          </span>
        </h3>
      </div>
    </div>
  </header>
</div>
`;
