// Jest Snapshot v1, https://goo.gl/fbAQLP

exports[`KitchenProduct renders correctly 1`] = `<div />`;
